// Jest Snapshot v1, https://goo.gl/fbAQLP

exports[`Button component should match the snapshot 1`] = `
<button
  className="rounded-md focus:outline-none text-white text-base px-4 py-2 bg-indigo-500 hover:bg-indigo-600"
  disabled={false}
  type="button"
>
  OK
</button>
`;
