// Jest Snapshot v1, https://goo.gl/fbAQLP

exports[`LoginPage should match the snapshot 1`] = `
<div
  className="container mx-auto"
  data-testid="login-page"
>
  <div
    className="mb-4 max-w-md mx-auto mt-8 p-6 bg-white rounded-md shadow"
  >
    <div
      className="mb-6"
    >
      <a
        className="text-black font-bold font-comfortaa text-4xl"
        href="/"
        onClick={[Function]}
      >
        βeta
      </a>
    </div>
    <div
      data-testid="login-form"
    >
      <h2
        className="text-2xl font-bold mb-4 uppercase"
      >
        Login to your account
      </h2>
      <form
        onSubmit={[Function]}
      >
        <div
          className="mb-4"
        >
          <label
            className="block w-full mb-1 text-xs font-medium text-gray-500 transition-all duration-200 ease-in-out "
            htmlFor="email"
          >
            Email or phone
            <sup
              className="text-red-600"
            >
              *
            </sup>
          </label>
          <input
            className="border rounded-md px-3 py-2 focus:outline-none transition duration-300 w-full md:w-96 max-w-full w-full md:w-full border-gray-400"
            data-testid="email-or-phone-input"
            disabled={false}
            id="email"
            name="emailOrPhone"
            onBlur={[Function]}
            onChange={[Function]}
            placeholder="Enter your email or phone number"
            type="text"
          />
        </div>
        <div
          className="mb-4"
        >
          <label
            className="block w-full mb-1 text-xs font-medium text-gray-500 transition-all duration-200 ease-in-out "
            htmlFor="password"
          >
            Password
            <sup
              className="text-red-600"
            >
              *
            </sup>
          </label>
          <input
            className="border rounded-md px-3 py-2 focus:outline-none transition duration-300 w-full md:w-96 max-w-full w-full md:w-full border-gray-400"
            data-testid="password-input"
            disabled={false}
            id="password"
            name="password"
            onBlur={[Function]}
            onChange={[Function]}
            placeholder="Enter your password"
            type="password"
          />
        </div>
        <button
          className="rounded-md focus:outline-none w-full text-white text-base px-4 py-2 bg-indigo-500 hover:bg-indigo-600"
          data-testid="submit-button"
          disabled={false}
          type="submit"
        >
          Login
        </button>
      </form>
    </div>
  </div>
  <div>
    <p
      className="text-center"
    >
      Don't have an account yet?  
      <a
        className="underline"
        href="/register"
        onClick={[Function]}
      >
        Register now.
      </a>
    </p>
  </div>
</div>
`;
